
> baseline@0.1.0 test
> node scripts/selftest.mjs && node --test scripts/eye-quality.test.mjs scripts/session.test.mjs scripts/firestore-session.test.mjs scripts/serviceErrors.test.mjs scripts/outbox.test.mjs scripts/legacyRecovery.test.mjs scripts/migrate-realtime.test.mjs scripts/demo-data.test.mjs scripts/onboarding.test.mjs scripts/cues.test.mjs scripts/profilePicture.test.mjs scripts/modal.test.mjs scripts/routing.test.mjs

case                        | lag ms | gain | on target | jumps/s
----------------------------|--------|------|-----------|--------
perfect tracking            |      0 | 1.00 |      100% |   0.00
healthy lag (120 ms)        |    120 | 1.00 |      100% |   0.00
reduced gain (0.7)          |    115 | 0.70 |       60% |   0.00
noisy but tracking          |    120 | 1.00 |      100% |   0.00
anticipating (-80 ms)       |    -80 | 1.00 |      100% |   0.00
saccadic (impaired pursuit) |    135 | 0.60 |       91% |   1.48

All checks passed.
✔ importing cues never creates audio, changes session mode, or autoplays (8.503625ms)
✔ the explicit unlock requests playback mode when the browser supports it (0.824208ms)
✔ unsupported or throwing AudioSession APIs still allow ordinary browser audio (1.134833ms)
✔ resume starts synchronously in the gesture and a suspended context cannot swallow the beep (7.129375ms)
✔ a sound check requests speech during the gesture and waits for audio before the tone (2.265167ms)
✔ resume rejection and audio-device failures are reported without rejected cue promises (2.109ms)
✔ missing audio and speech APIs fail gracefully, while WebKit AudioContext remains supported (1.337375ms)
✔ an audio context closed by the browser can be recreated after the user has unlocked sound (0.372541ms)
✔ fictional dataset is deterministic, scoped to demo accounts, and does not fabricate consent (28.203167ms)
✔ every check matches the app comparison using prior baselines and separate device ranges (3.65875ms)
✔ newcomer has only partial baseline progress and no made-up eye cutoff (1.049625ms)
✔ reject duplicate account IDs, unsafe database paths, and missing reference time (0.721708ms)
✔ extensive face loss is a measurement failure instead of a worse-function score (7.822584ms)
✔ each existing capture warning blocks scoring, including multiple faces in the run (8.078542ms)
✔ the existing quality boundaries still allow modest isolated capture loss (9.504417ms)
✔ too few usable or nonconsecutive frames provide no saveable metrics (0.934542ms)
✔ coverage uses the configured sweep length, including the existing quick demonstration mode (1.788458ms)
✔ a camera that silently stops emitting frames or stalls cannot produce a score (0.752666ms)
✔ different capture failures cannot hide a large combined loss below individual warning limits (0.323709ms)
✔ nonfinite landmark values are capture issues and cannot produce a passing result (0.487708ms)
✔ unusable or inconsistent calibration fails before an eye-function score exists (0.354584ms)
✔ reliably captured low gain, low on-target time and high lag remain concerning (4.343ms)
✔ glasses or vision metadata cannot discount a reliably captured concerning result (4.85875ms)
✔ Firestore sorted map keys do not rewrite identical cutoffs (27.42625ms)
✔ pending results survive reload status and a rejected restored result can be retried (1.441666ms)
✔ migration preserves ids, external tester, conditions and phone eye results; safe twice (1.329ms)
✔ join and leave keep a coach who still has another shared team (3.169958ms)
✔ legacy and record merge deduplicates and waits before publishing cutoffs to every team (3.611375ms)
✔ coach has one record listener per athlete, retained until last shared team is left (0.650417ms)
✔ a teammate saves to the subject record and receives no numerical comparison (0.981083ms)
✔ deleting a merged result removes each known copy (0.540667ms)
✔ creating an existing profile never overwrites it (0.576666ms)
✔ cached missing profile is never treated as server-confirmed absence (1.719458ms)
✔ a coach creates another team while preserving the legacy first team and team limit (1.683584ms)
✔ migration keeps an existing copy and reconciles a later old-client join (0.669833ms)
✔ merged flagged checks still produce one coach alert per run (2.007166ms)
✔ history merges newest per athlete across coach teams and resets on team changes (0.564458ms)
✔ athlete merges own history, saves only current memberships and copies history when joining (3.349458ms)
✔ network is disabled before cache reads and only this tester’s pending results are recovered (6.913458ms)
✔ a recovery marker is not written until durable enqueue has completed (2.002625ms)
✔ an imported result stays skipped after a new browser session while another owner is isolated (0.865917ms)
✔ failed durable enqueue is reported and remains retryable without deleting the original cache (1.9015ms)
✔ an auth change after cached reading prevents enqueue under the next account (1.946334ms)
✔ failure disabling Firestore network prevents cache processing (0.468166ms)
✔ team-scoped pending checks recover their source team and duplicate record copies keep one ID (0.679791ms)
✔ the new app disables its legacy network immediately at startup and shares the promise with recovery (2.678125ms)
✔ Firestore decoding preserves nested booleans, zero values, timestamps and missing metrics (2.968042ms)
✔ migration rebuilds active access from memberships instead of stale profile grants (0.771583ms)
✔ migration merges trial locations by stable ID, retaining canonical data and private fields (4.831083ms)
✔ migration refuses orphan memberships and mismatched trial owners (0.689042ms)
✔ reconciliation only considers newly exported canonical trial IDs and reports configuration changes (2.930334ms)
✔ reconciliation creates missing new trials conditionally while preserving live deletions and access (0.9425ms)
✔ identical recovered trials skip; differing target trials report conflict without overwrite (0.379583ms)
✔ missing owners block trial creation and new profiles are never imported implicitly (0.376584ms)
✔ a concurrent different creation rejects If-Match and cannot be overwritten (0.292625ms)
✔ a concurrent identical recovery is acknowledged as already present (0.285ms)
✔ dry-run reports possible creations without writing and missing ETags fail closed (0.270417ms)
✔ invalid checksums, reversed dates and invalid ownership stop reconciliation before target access (0.266458ms)
✔ nested scroll locks preserve existing styles and restore the original mobile scroll position once (3.901417ms)
✔ modal traps keyboard focus, blocks background touch and restores focus and inert attributes (2.426875ms)
✔ all-disabled saving state keeps Shift+Tab focus in the dialog (0.533584ms)
✔ closing a nested modal retains the outer lock and only the top dialog handles Escape (0.503875ms)
✔ signup shows an under-18 parental notice without requiring age confirmation (9.088166ms)
✔ consented accounts proceed without an age timestamp while unconsented accounts still see the notice (1.94425ms)
✔ new profiles require only screening and data consent, with the under-18 parental notice (1.61125ms)
✔ an existing earlier age confirmation needs no replacement and no birth date is collected (0.902542ms)
✔ privacy notice describes current storage, access and deletion limits without absolute secrecy promises (0.938125ms)
✔ a result is durable before enqueue resolves or any cloud write starts (5.432416ms)
✔ reload restores the same trial ID and payload only for its owner (1.331167ms)
✔ remote failures survive reload and retry the same id without duplicate sends (2.678375ms)
✔ storage failures never start a cloud write or return a false saved receipt (0.506458ms)
✔ signing out during durable preparation keeps the old owner entry but does not launch a write (0.630333ms)
✔ an acknowledgement with failed local cleanup safely replays the identical payload after reload (1.647333ms)
✔ reusing an ID accepts identical content but rejects a changed result (0.309542ms)
✔ missing IndexedDB reports a storage error instead of silently using volatile memory (0.279166ms)
✔ an already-open same-account tab resumes work after the saving tab closes (1.101792ms)
✔ another tab’s acknowledgement wins over a late failure and account broadcasts stay isolated (0.734208ms)
✔ Retry sync rescans disk for work left by a tab whose notification was missed (1.009125ms)
✔ a transient initial storage failure can be retried without signing out (1.636583ms)
✔ Dot and initials choices preview locally; Cancel, Escape and backdrop never save (3.535792ms)
✔ Save sends one selected draft, disables changes and dismissal, and waits for acknowledgement (4.774208ms)
✔ a failed save keeps the same draft for an explicit retry (0.900792ms)
✔ photo preparation stays local and only Save uploads the resized draft (1.024291ms)
✔ Baseline remains the home and invite destination while merch has its own public route (0.896333ms)
✔ a shared team link still opens Baseline and keeps the invite through signup (2.173167ms)
✔ valid invitations work for this visit when browser storage is unavailable (0.443959ms)
✔ a malformed invite never replaces a previously accepted pending invitation (0.500334ms)
✔ entry startup leaves public merch outside invitation capture and app update polling (4.8015ms)
✔ service quota is explained without blaming the team code or connectivity (0.673958ms)
✔ browser storage quota stays distinct from Firebase service quota (0.094959ms)
✔ permission and connection failures have different recovery guidance (0.118667ms)
✔ validation messages and caller fallbacks are retained (0.085334ms)
✔ team joins and leaves atomically maintain profile links and coach access per shared team (9.796417ms)
✔ new consent records only its timestamp once without requiring age confirmation (1.58ms)
✔ existing consent is unchanged when the profile has no age confirmation (1.060667ms)
✔ adding missing consent preserves a legacy age confirmation without rewriting it (0.929209ms)
✔ another device can confirm consent during the write without requiring a legacy age field (1.128667ms)
✔ a rejected consent write is not mistaken for another device confirming it (1.842208ms)
✔ leave removes private team history, cutoff and avatar copies without deleting results (1.478542ms)
✔ equal cutoff maps with different key order never create repeated writes (10.20375ms)
✔ one coach record listener per athlete remains until the last shared team is left (1.100625ms)
✔ denied coach record read never deletes existing published cutoffs (1.872208ms)
✔ saving waits for durable local storage, then shows queued before remote acknowledgement (1.529584ms)
✔ a reconnect automatically retries durable failed results with their original ID (1.723209ms)
✔ teammate check saves privately under the subject and exposes no numerical comparison (2.116917ms)
✔ incomplete or nonfinite eye captures cannot be saved as baselines or normal checks (2.797375ms)
✔ valid concerning eye checks retain their grade when vision history is present (5.515ms)
✔ creating an existing profile never overwrites its role or name (1.971875ms)
✔ null metrics removed by RTDB remain part of the baseline metric shape (1.968042ms)
✔ retry preserves visible loaded screens and late callbacks cannot change a different account (1.391541ms)
✔ the same account on phone and desktop receives both concurrent results and remote deletions (7.521834ms)
✔ offline phone result reaches the signed-in desktop only after reconnect and acknowledgement (1.83625ms)
✔ team and history changes propagate to the other device without reloading or polling (2.424875ms)
✔ removing an avatar on desktop overrides the phone’s older locally cached choice (2.63675ms)
✔ profile picture caching changes only after remote acknowledgement (0.810292ms)
✔ rejected and offline avatar saves preserve the previous avatar and cache (0.824875ms)
ℹ tests 116
ℹ suites 0
ℹ pass 116
ℹ fail 0
ℹ cancelled 0
ℹ skipped 0
ℹ todo 0
ℹ duration_ms 343.895583
